================================================================================
 BFS TRAINING RUN | run=homecredit_default | 2026-07-06T09:20:21Z
================================================================================
[SETUP]  Rows: 307511 | Target rate: 8.07%
[PARAMS] n_estimators=600 | learning_rate=0.0223 | max_depth=7 | min_child_weight=12 | subsample=0.7095 | colsample_bytree=0.8254 | reg_alpha=0.1405 | reg_lambda=0.0578
[SPLIT]  Train: 215257 | Val: 92254 (70/30)
────────────────────────────────────────────────────────────────────────────────
[PSI_BASELINE] Starting...
[PSI_BASELINE] Done in 2.4s
────────────────────────────────────────────────────────────────────────────────
[TRAIN   ] Starting...
[TRAIN   ] Done in 93.3s
[TRAIN]  Best round: 591
────────────────────────────────────────────────────────────────────────────────
[METRICS - TRAIN]
  AUC: 0.8761  KS: 0.5915  GINI: 0.7522  BRIER: 0.1312  AVERAGE_PRECISION: 0.4063
  Threshold=0.50  ACCURACY: 0.8231  PRECISION: 0.2770  RECALL: 0.7399  F1: 0.4031
  TP: 12858   TN: 164317  FP: 33563   FN: 4519  
────────────────────────────────────────────────────────────────────────────────
[METRICS - VALIDATION]
  AUC: 0.7712  KS: 0.4061  GINI: 0.5424  BRIER: 0.1446  AVERAGE_PRECISION: 0.2600
  Threshold=0.50  ACCURACY: 0.7967  PRECISION: 0.2106  RECALL: 0.5524  F1: 0.3049
  TP: 2057    TN: 34691   FP: 7712    FN: 1667  
────────────────────────────────────────────────────────────────────────────────
[METRICS - TEST (HELD OUT)]
  AUC: 0.7698  KS: 0.4068  GINI: 0.5396  BRIER: 0.1446  AVERAGE_PRECISION: 0.2668
  Threshold=0.50  ACCURACY: 0.7970  PRECISION: 0.2123  RECALL: 0.5588  F1: 0.3077
  TP: 2081    TN: 34681   FP: 7722    FN: 1643  
────────────────────────────────────────────────────────────────────────────────
[SHAP    ] Starting...
[SHAP    ] Done in 1215.1s
────────────────────────────────────────────────────────────────────────────────
[SHAP]   Global importance (top 4):
   1. ext_source_mean                                    0.407902  ████████████████████
   2. age                                                0.303602  ██████████████
   3. ext_source_product                                 0.140735  ██████
   4. ltv_ratio                                          0.132068  ██████
────────────────────────────────────────────────────────────────────────────────
[PSI_TEST] Starting...
[PSI_TEST] Done in 0.3s
────────────────────────────────────────────────────────────────────────────────
[FAIRNESS] Starting...
[FAIRNESS] Done in 0.2s
────────────────────────────────────────────────────────────────────────────────
[OUTPUT] d:\z-business\artifacts\credit_default\homecredit_default
────────────────────────────────────────────────────────────────────────────────
[DONE]   Total elapsed: 1316.5s | Summary: run_summary.json
================================================================================
