================================================================================
 BFS TRAINING RUN | run=exp_rps_no_age | 2026-07-07T03:58:10Z
================================================================================
[SETUP]  Rows: 307511 | Target rate: 8.07%
[PARAMS] n_estimators=700 | learning_rate=0.0507 | max_depth=5 | min_child_weight=4 | subsample=0.8666 | colsample_bytree=0.8482 | reg_alpha=5.4917 | reg_lambda=0.0074
[SPLIT]  Train: 215257 | Val: 92254 (70/30)
────────────────────────────────────────────────────────────────────────────────
[PSI_BASELINE] Starting...
[PSI_BASELINE] Done in 1.7s
────────────────────────────────────────────────────────────────────────────────
[TRAIN   ] Starting...
[TRAIN   ] Done in 19.2s
[TRAIN]  Best round: 204
────────────────────────────────────────────────────────────────────────────────
[METRICS - TRAIN]
  AUC: 0.7171  KS: 0.3146  GINI: 0.4342  BRIER: 0.1671  AVERAGE_PRECISION: 0.2114
  Threshold=0.50  ACCURACY: 0.8072  PRECISION: 0.1944  RECALL: 0.4414  F1: 0.2699
  TP: 7671    TN: 166093  FP: 31787   FN: 9706  
────────────────────────────────────────────────────────────────────────────────
[METRICS - VALIDATION]
  AUC: 0.6665  KS: 0.2413  GINI: 0.3330  BRIER: 0.1716  AVERAGE_PRECISION: 0.1644
  Threshold=0.50  ACCURACY: 0.7944  PRECISION: 0.1634  RECALL: 0.3754  F1: 0.2277
  TP: 1398    TN: 35244   FP: 7159    FN: 2326  
────────────────────────────────────────────────────────────────────────────────
[METRICS - TEST (HELD OUT)]
  AUC: 0.6720  KS: 0.2536  GINI: 0.3440  BRIER: 0.1703  AVERAGE_PRECISION: 0.1671
  Threshold=0.50  ACCURACY: 0.7990  PRECISION: 0.1672  RECALL: 0.3743  F1: 0.2312
  TP: 1394    TN: 35460   FP: 6943    FN: 2330  
────────────────────────────────────────────────────────────────────────────────
[SHAP    ] Starting...
[SHAP    ] Done in 166.4s
────────────────────────────────────────────────────────────────────────────────
[SHAP]   Global importance (top 4):
   1. prev_grant_ratio_mean                              0.162443  ████████████████████
   2. inst_weighted_late_sum                             0.156790  ███████████████████
   3. prev_apps_refused                                  0.142452  █████████████████
   4. prev_apps_approved                                 0.134178  ████████████████
────────────────────────────────────────────────────────────────────────────────
[PSI_TEST] Starting...
[PSI_TEST] Done in 0.1s
────────────────────────────────────────────────────────────────────────────────
[FAIRNESS] Starting...
[FAIRNESS] Done in 0.3s
────────────────────────────────────────────────────────────────────────────────
[OUTPUT] d:\z-business\artifacts\credit_default\exp_rps_no_age
────────────────────────────────────────────────────────────────────────────────
[DONE]   Total elapsed: 191.5s | Summary: run_summary.json
================================================================================
