================================================================================
 BFS TRAINING RUN | run=homecredit_bfs | 2026-07-06T09:42:17Z
================================================================================
[SETUP]  Rows: 307511 | Target rate: 8.07%
[PARAMS] n_estimators=900 | learning_rate=0.0197 | max_depth=8 | min_child_weight=19 | subsample=0.7144 | colsample_bytree=0.8056 | reg_alpha=1.3574 | reg_lambda=0.0385
[SPLIT]  Train: 215257 | Val: 92254 (70/30)
────────────────────────────────────────────────────────────────────────────────
[PSI_BASELINE] Starting...
[PSI_BASELINE] Done in 1.5s
────────────────────────────────────────────────────────────────────────────────
[TRAIN   ] Starting...
[TRAIN   ] Done in 47.1s
[TRAIN]  Best round: 379
────────────────────────────────────────────────────────────────────────────────
[METRICS - TRAIN]
  AUC: 0.8444  KS: 0.5294  GINI: 0.6888  BRIER: 0.1437  AVERAGE_PRECISION: 0.3409
  Threshold=0.50  ACCURACY: 0.8032  PRECISION: 0.2443  RECALL: 0.6867  F1: 0.3604
  TP: 11933   TN: 160963  FP: 36917   FN: 5444  
────────────────────────────────────────────────────────────────────────────────
[METRICS - VALIDATION]
  AUC: 0.7573  KS: 0.3825  GINI: 0.5146  BRIER: 0.1538  AVERAGE_PRECISION: 0.2416
  Threshold=0.50  ACCURACY: 0.7837  PRECISION: 0.1981  RECALL: 0.5510  F1: 0.2914
  TP: 2052    TN: 34096   FP: 8307    FN: 1672  
────────────────────────────────────────────────────────────────────────────────
[METRICS - TEST (HELD OUT)]
  AUC: 0.7536  KS: 0.3782  GINI: 0.5072  BRIER: 0.1543  AVERAGE_PRECISION: 0.2444
  Threshold=0.50  ACCURACY: 0.7835  PRECISION: 0.1976  RECALL: 0.5494  F1: 0.2907
  TP: 2046    TN: 34095   FP: 8308    FN: 1678  
────────────────────────────────────────────────────────────────────────────────
[SHAP    ] Starting...
[SHAP    ] Done in 1295.5s
────────────────────────────────────────────────────────────────────────────────
[SHAP]   Global importance (top 4):
   1. ext_source_mean                                    0.401039  ████████████████████
   2. age                                                0.302051  ███████████████
   3. ext_source_product                                 0.151626  ███████
   4. ltv_ratio                                          0.146970  ███████
────────────────────────────────────────────────────────────────────────────────
[PSI_TEST] Starting...
[PSI_TEST] Done in 0.2s
────────────────────────────────────────────────────────────────────────────────
[FAIRNESS] Starting...
[FAIRNESS] Done in 0.2s
────────────────────────────────────────────────────────────────────────────────
[OUTPUT] d:\z-business\artifacts\credit_default\homecredit_bfs
────────────────────────────────────────────────────────────────────────────────
[DONE]   Total elapsed: 1347.9s | Summary: run_summary.json
================================================================================
