================================================================================
 RPS TRAINING RUN | run=rps_v1 | 2026-07-03T02:50:32Z
================================================================================
[SETUP]  Rows: 10000 | Target rate: 37.88%
[PARAMS] n_estimators=400 | learning_rate=0.0500 | max_depth=4 | min_child_weight=15 | subsample=0.8000 | colsample_bytree=0.7000 | reg_alpha=0.0500 | reg_lambda=1.0000
[SPLIT]  Train: 7000 | Val: 3000 (70/30)
────────────────────────────────────────────────────────────────────────────────
[TRAIN   ] Starting...
[TRAIN   ] Done in 0.3s
[TRAIN]  Best round: 56
────────────────────────────────────────────────────────────────────────────────
[METRICS - VALIDATION]
  AUC: 0.6889  KS: 0.2807  GINI: 0.3778  BRIER: 0.2111  AVERAGE_PRECISION: 0.5648
  Threshold=0.50  ACCURACY: 0.6627  PRECISION: 0.5861  RECALL: 0.3715  F1: 0.4547
  TP: 211     TN: 783     FP: 149     FN: 357   
────────────────────────────────────────────────────────────────────────────────
[METRICS - TEST (HELD OUT)]
  AUC: 0.7055  KS: 0.3232  GINI: 0.4110  BRIER: 0.2075  AVERAGE_PRECISION: 0.5773
  Threshold=0.50  ACCURACY: 0.6693  PRECISION: 0.6047  RECALL: 0.3662  F1: 0.4561
  TP: 208     TN: 796     FP: 136     FN: 360   
────────────────────────────────────────────────────────────────────────────────
[SHAP    ] Starting...
[SHAP    ] Done in 0.2s
────────────────────────────────────────────────────────────────────────────────
[SHAP]   Global importance (top 4):
   1. cashflow.balance_trend_slope (Negative balance trajectory) 0.492646  ████████████████████
   2. income.income_regularity_score (Irregular income pattern) 0.158572  ██████
   3. cashflow.end_of_month_stress_score (Month-end cash flow stress) 0.130675  █████
   4. emi.missed_emi_signals_count (Prior missed EMI signals) 0.122018  ████
────────────────────────────────────────────────────────────────────────────────
[OUTPUT] D:\z-business\artifacts\rps\rps_v1
────────────────────────────────────────────────────────────────────────────────
[DONE]   Total elapsed: 0.5s | Summary: run_summary.json
================================================================================
