================================================================================
 BFS TRAINING RUN | run=credit_default_prod_v1 | 2026-07-03T04:44:16Z
================================================================================
[SETUP]  Rows: 10040 | Target rate: 40.67%
[PARAMS] n_estimators=1000 | learning_rate=0.0774 | max_depth=6 | min_child_weight=2 | subsample=0.7047 | colsample_bytree=0.6298 | reg_alpha=0.0021 | reg_lambda=0.0102
[SPLIT]  Train: 7028 | Val: 3012 (70/30)
────────────────────────────────────────────────────────────────────────────────
[TRAIN   ] Starting...
[TRAIN   ] Done in 0.1s
[TRAIN]  Best round: 15
────────────────────────────────────────────────────────────────────────────────
[METRICS - TRAIN]
  AUC: 0.8923  KS: 0.6416  GINI: 0.7846  BRIER: 0.1399  AVERAGE_PRECISION: 0.8773
  Threshold=0.50  ACCURACY: 0.8240  PRECISION: 0.8566  RECALL: 0.6812  F1: 0.7589
  TP: 1947    TN: 3844    FP: 326     FN: 911   
────────────────────────────────────────────────────────────────────────────────
[METRICS - VALIDATION]
  AUC: 0.8470  KS: 0.5653  GINI: 0.6940  BRIER: 0.1573  AVERAGE_PRECISION: 0.8221
  Threshold=0.50  ACCURACY: 0.7882  PRECISION: 0.8141  RECALL: 0.6215  F1: 0.7049
  TP: 381     TN: 806     FP: 87      FN: 232   
────────────────────────────────────────────────────────────────────────────────
[METRICS - TEST (HELD OUT)]
  AUC: 0.8533  KS: 0.5677  GINI: 0.7066  BRIER: 0.1536  AVERAGE_PRECISION: 0.8285
  Threshold=0.50  ACCURACY: 0.7902  PRECISION: 0.8071  RECALL: 0.6356  F1: 0.7112
  TP: 389     TN: 801     FP: 93      FN: 223   
────────────────────────────────────────────────────────────────────────────────
[SHAP    ] Starting...
[SHAP    ] Done in 0.5s
────────────────────────────────────────────────────────────────────────────────
[SHAP]   Global importance (top 4):
   1. payment_ratio                                      0.344174  ████████████████████
   2. months_inactive (Account inactivity)               0.291418  ████████████████
   3. cibil_score                                        0.174624  ██████████
   4. avg_credit_utilisation (High credit utilization)   0.129070  ███████
────────────────────────────────────────────────────────────────────────────────
[OUTPUT] d:\z-business\artifacts\credit_default\credit_default_prod_v1
────────────────────────────────────────────────────────────────────────────────
[DONE]   Total elapsed: 1.0s | Summary: run_summary.json
================================================================================
