================================================================================
 BFS TRAINING RUN | run=bfs_prod_v1 | 2026-07-03T03:55:20Z
================================================================================
[SETUP]  Rows: 10000 | Target rate: 37.88%
[PARAMS] n_estimators=400 | learning_rate=0.0365 | max_depth=4 | min_child_weight=8 | subsample=0.6070 | colsample_bytree=0.8052 | reg_alpha=1.2086 | reg_lambda=0.0537
[SPLIT]  Train: 7000 | Val: 3000 (70/30)
────────────────────────────────────────────────────────────────────────────────
[TRAIN   ] Starting...
[TRAIN   ] Done in 0.2s
[TRAIN]  Best round: 26
────────────────────────────────────────────────────────────────────────────────
[METRICS - TRAIN]
  AUC: 0.7406  KS: 0.3621  GINI: 0.4812  BRIER: 0.2088  AVERAGE_PRECISION: 0.6339
  Threshold=0.50  ACCURACY: 0.6640  PRECISION: 0.7577  RECALL: 0.1663  F1: 0.2727
  TP: 441     TN: 4207    FP: 141     FN: 2211  
────────────────────────────────────────────────────────────────────────────────
[METRICS - VALIDATION]
  AUC: 0.6860  KS: 0.2770  GINI: 0.3720  BRIER: 0.2165  AVERAGE_PRECISION: 0.5584
  Threshold=0.50  ACCURACY: 0.6480  PRECISION: 0.6613  RECALL: 0.1444  F1: 0.2370
  TP: 82      TN: 890     FP: 42      FN: 486   
────────────────────────────────────────────────────────────────────────────────
[METRICS - TEST (HELD OUT)]
  AUC: 0.7050  KS: 0.3335  GINI: 0.4100  BRIER: 0.2141  AVERAGE_PRECISION: 0.5748
  Threshold=0.50  ACCURACY: 0.6533  PRECISION: 0.6690  RECALL: 0.1673  F1: 0.2676
  TP: 95      TN: 885     FP: 47      FN: 473   
────────────────────────────────────────────────────────────────────────────────
[SHAP    ] Starting...
[SHAP    ] Done in 0.3s
────────────────────────────────────────────────────────────────────────────────
[SHAP]   Global importance (top 4):
   1. cashflow.balance_trend_slope (Negative balance trajectory) 0.277471  ████████████████████
   2. income.income_regularity_score (Irregular income pattern) 0.091957  ██████
   3. cashflow.end_of_month_stress_score (Month-end cash flow stress) 0.075392  █████
   4. emi.missed_emi_signals_count (Prior missed EMI signals) 0.045541  ███
────────────────────────────────────────────────────────────────────────────────
[OUTPUT] d:\z-business\artifacts\bfs\bfs_prod_v1
────────────────────────────────────────────────────────────────────────────────
[DONE]   Total elapsed: 0.8s | Summary: run_summary.json
================================================================================
