================================================================================
 BFS TRAINING RUN | run=exp_bfs_no_ext | 2026-07-07T04:28:55Z
================================================================================
[SETUP]  Rows: 307511 | Target rate: 8.07%
[PARAMS] n_estimators=900 | learning_rate=0.0197 | max_depth=8 | min_child_weight=19 | subsample=0.7144 | colsample_bytree=0.8056 | reg_alpha=1.3574 | reg_lambda=0.0385
[SPLIT]  Train: 215257 | Val: 92254 (70/30)
────────────────────────────────────────────────────────────────────────────────
[PSI_BASELINE] Starting...
[PSI_BASELINE] Done in 1.4s
────────────────────────────────────────────────────────────────────────────────
[TRAIN   ] Starting...
[TRAIN   ] Done in 61.6s
[TRAIN]  Best round: 591
────────────────────────────────────────────────────────────────────────────────
[METRICS - TRAIN]
  AUC: 0.8468  KS: 0.5402  GINI: 0.6936  BRIER: 0.1456  AVERAGE_PRECISION: 0.3375
  Threshold=0.50  ACCURACY: 0.8118  PRECISION: 0.2528  RECALL: 0.6808  F1: 0.3687
  TP: 11831   TN: 162904  FP: 34976   FN: 5546  
────────────────────────────────────────────────────────────────────────────────
[METRICS - VALIDATION]
  AUC: 0.7140  KS: 0.3157  GINI: 0.4280  BRIER: 0.1598  AVERAGE_PRECISION: 0.1946
  Threshold=0.50  ACCURACY: 0.7815  PRECISION: 0.1777  RECALL: 0.4705  F1: 0.2580
  TP: 1752    TN: 34295   FP: 8108    FN: 1972  
────────────────────────────────────────────────────────────────────────────────
[METRICS - TEST (HELD OUT)]
  AUC: 0.7181  KS: 0.3217  GINI: 0.4362  BRIER: 0.1595  AVERAGE_PRECISION: 0.2037
  Threshold=0.50  ACCURACY: 0.7828  PRECISION: 0.1816  RECALL: 0.4820  F1: 0.2638
  TP: 1795    TN: 34312   FP: 8091    FN: 1929  
────────────────────────────────────────────────────────────────────────────────
[SHAP    ] Starting...
[SHAP    ] Done in 1720.3s
────────────────────────────────────────────────────────────────────────────────
[SHAP]   Global importance (top 4):
   1. age                                                0.301806  ████████████████████
   2. annuity_to_credit_ratio (High loan repayment burden) 0.195618  ████████████
   3. ltv_ratio                                          0.188531  ████████████
   4. bureau_credit_history_days                         0.129890  ████████
────────────────────────────────────────────────────────────────────────────────
[PSI_TEST] Starting...
[PSI_TEST] Done in 0.2s
────────────────────────────────────────────────────────────────────────────────
[FAIRNESS] Starting...
[FAIRNESS] Done in 0.2s
────────────────────────────────────────────────────────────────────────────────
[OUTPUT] d:\z-business\artifacts\credit_default\exp_bfs_no_ext
────────────────────────────────────────────────────────────────────────────────
[DONE]   Total elapsed: 1787.4s | Summary: run_summary.json
================================================================================
