================================================================================
 BFS TRAINING RUN | run=exp_default_no_age | 2026-07-07T02:57:20Z
================================================================================
[SETUP]  Rows: 307511 | Target rate: 8.07%
[PARAMS] n_estimators=600 | learning_rate=0.0223 | max_depth=7 | min_child_weight=12 | subsample=0.7095 | colsample_bytree=0.8254 | reg_alpha=0.1405 | reg_lambda=0.0578
[SPLIT]  Train: 215257 | Val: 92254 (70/30)
────────────────────────────────────────────────────────────────────────────────
[PSI_BASELINE] Starting...
[PSI_BASELINE] Done in 2.2s
────────────────────────────────────────────────────────────────────────────────
[TRAIN   ] Starting...
[TRAIN   ] Done in 58.2s
[TRAIN]  Best round: 425
────────────────────────────────────────────────────────────────────────────────
[METRICS - TRAIN]
  AUC: 0.8635  KS: 0.5624  GINI: 0.7270  BRIER: 0.1285  AVERAGE_PRECISION: 0.4017
  Threshold=0.50  ACCURACY: 0.8332  PRECISION: 0.2819  RECALL: 0.6890  F1: 0.4001
  TP: 11972   TN: 167385  FP: 30495   FN: 5405  
────────────────────────────────────────────────────────────────────────────────
[METRICS - VALIDATION]
  AUC: 0.7739  KS: 0.4107  GINI: 0.5478  BRIER: 0.1397  AVERAGE_PRECISION: 0.2586
  Threshold=0.50  ACCURACY: 0.8087  PRECISION: 0.2184  RECALL: 0.5311  F1: 0.3095
  TP: 1978    TN: 35325   FP: 7078    FN: 1746  
────────────────────────────────────────────────────────────────────────────────
[METRICS - TEST (HELD OUT)]
  AUC: 0.7737  KS: 0.4136  GINI: 0.5474  BRIER: 0.1393  AVERAGE_PRECISION: 0.2656
  Threshold=0.50  ACCURACY: 0.8108  PRECISION: 0.2236  RECALL: 0.5435  F1: 0.3169
  TP: 2024    TN: 35377   FP: 7026    FN: 1700  
────────────────────────────────────────────────────────────────────────────────
[SHAP    ] Starting...
[SHAP    ] Done in 777.0s
────────────────────────────────────────────────────────────────────────────────
[SHAP]   Global importance (top 4):
   1. ext_source_mean                                    0.410479  ████████████████████
   2. ltv_ratio                                          0.139033  ██████
   3. ext_source_product                                 0.116036  █████
   4. days_id_publish                                    0.108199  █████
────────────────────────────────────────────────────────────────────────────────
[PSI_TEST] Starting...
[PSI_TEST] Done in 0.4s
────────────────────────────────────────────────────────────────────────────────
[FAIRNESS] Starting...
[FAIRNESS] Done in 0.2s
────────────────────────────────────────────────────────────────────────────────
[OUTPUT] d:\z-business\artifacts\credit_default\exp_default_no_age
────────────────────────────────────────────────────────────────────────────────
[DONE]   Total elapsed: 841.7s | Summary: run_summary.json
================================================================================
